#-----------------------------------------------------------
# Vivado v2024.1 (64-bit)
# SW Build 5076996 on Wed May 22 18:37:14 MDT 2024
# IP Build 5075265 on Wed May 22 21:45:21 MDT 2024
# SharedData Build 5076995 on Wed May 22 18:29:18 MDT 2024
# Start of session at: Sun Jul  6 13:23:09 2025
# Process ID: 18972
# Current directory: D:/Licenta/Licenta/PROIECT LICENTA  FINAL/project_1/project_1.runs/impl_1
# Command line: vivado.exe -log AES_TOP.vdi -applog -product Vivado -messageDb vivado.pb -mode batch -source AES_TOP.tcl -notrace
# Log file: D:/Licenta/Licenta/PROIECT LICENTA  FINAL/project_1/project_1.runs/impl_1/AES_TOP.vdi
# Journal file: D:/Licenta/Licenta/PROIECT LICENTA  FINAL/project_1/project_1.runs/impl_1\vivado.jou
# Running On        :DESKTOP-VR7V5RM
# Platform          :Windows Server 2016 or Windows 10
# Operating System  :19045
# Processor Detail  :12th Gen Intel(R) Core(TM) i5-12500H
# CPU Frequency     :3110 MHz
# CPU Physical cores:12
# CPU Logical cores :16
# Host memory       :16832 MB
# Swap memory       :12348 MB
# Total Virtual     :29180 MB
# Available Virtual :12867 MB
#-----------------------------------------------------------
source AES_TOP.tcl -notrace
